// Jest Snapshot v1, https://goo.gl/fbAQLP

exports[`Monster SenseBonuses Small snapshot matches snapshot 1`] = `
<WithStyles(ExpansionPanel)
  CollapseProps={
    Object {
      "timeout": 100,
    }
  }
  defaultExpanded={true}
>
  <WithStyles(ExpansionPanelSummary)
    expandIcon={<pure(ExpandMoreIcon) />}
  >
    <WithStyles(Typography)
      className="heading"
    >
      Sense Bonuses
    </WithStyles(Typography)>
  </WithStyles(ExpansionPanelSummary)>
  <WithStyles(ExpansionPanelDetails)>
    <WithStyles(Grid)
      container={true}
      spacing={8}
    >
      <WithStyles(Grid)
        item={true}
        key="Blind"
        sm={4}
        xs={6}
      >
        <WithStyles(FormControl)
          className="formControl"
          disabled={false}
          fullWidth={true}
        >
          <WithStyles(WithFormControlContext(InputLabel))
            htmlFor="Blind"
          >
            Blind
          </WithStyles(WithFormControlContext(InputLabel))>
          <WithStyles(Input)
            aria-describedby="Blind-helper-text"
            id="Blind"
            name="Blind"
            onChange={[Function]}
            type="number"
            value=""
          />
          <WithStyles(WithFormControlContext(FormHelperText))
            error={true}
            id="Blind-helper-text"
          />
          <WithStyles(Tooltip)
            disableFocusListener={true}
            title="Blindsense is a lesser ability that lets the creature notice things it cannot see, but without the precision of blindsight, using nonvisual senses, such as acute smell or hearing."
          >
            <withHelpersModifiers(Help)
              className="tooltip"
            >
              Hover for More About 
              Blind
            </withHelpersModifiers(Help)>
          </WithStyles(Tooltip)>
        </WithStyles(FormControl)>
      </WithStyles(Grid)>
      <WithStyles(Grid)
        item={true}
        key="Blindsight"
        sm={4}
        xs={6}
      >
        <WithStyles(FormControl)
          className="formControl"
          disabled={false}
          fullWidth={true}
        >
          <WithStyles(WithFormControlContext(InputLabel))
            htmlFor="Blindsight"
          >
            Blindsight
          </WithStyles(WithFormControlContext(InputLabel))>
          <WithStyles(Input)
            aria-describedby="Blindsight-helper-text"
            id="Blindsight"
            name="Blindsight"
            onChange={[Function]}
            type="number"
            value=""
          />
          <WithStyles(WithFormControlContext(FormHelperText))
            error={true}
            id="Blindsight-helper-text"
          />
          <WithStyles(Tooltip)
            disableFocusListener={true}
            title="Using nonvisual senses, such as sensitivity to vibrations, keen smell, acute hearing, or echolocation, a creature with blindsight maneuvers and fights as well as a sighted creature. Invisibility, darkness, and most kinds of concealment are irrelevant, though the creature must have line of effect to a creature or object to discern that creature or object."
          >
            <withHelpersModifiers(Help)
              className="tooltip"
            >
              Hover for More About 
              Blindsight
            </withHelpersModifiers(Help)>
          </WithStyles(Tooltip)>
        </WithStyles(FormControl)>
      </WithStyles(Grid)>
      <WithStyles(Grid)
        item={true}
        key="Darkvision"
        sm={4}
        xs={6}
      >
        <WithStyles(FormControl)
          className="formControl"
          disabled={false}
          fullWidth={true}
        >
          <WithStyles(WithFormControlContext(InputLabel))
            htmlFor="Darkvision"
          >
            Darkvision
          </WithStyles(WithFormControlContext(InputLabel))>
          <WithStyles(Input)
            aria-describedby="Darkvision-helper-text"
            id="Darkvision"
            name="Darkvision"
            onChange={[Function]}
            type="number"
            value=""
          />
          <WithStyles(WithFormControlContext(FormHelperText))
            error={true}
            id="Darkvision-helper-text"
          />
          <WithStyles(Tooltip)
            disableFocusListener={true}
            title="A monster with Darkvision can see in the dark within a specific radius. The monster can see in dim light within the radius as if it were bright light, and in Darkness as if it were dim light. The monster can’t discern color in Darkness, only shades of gray."
          >
            <withHelpersModifiers(Help)
              className="tooltip"
            >
              Hover for More About 
              Darkvision
            </withHelpersModifiers(Help)>
          </WithStyles(Tooltip)>
        </WithStyles(FormControl)>
      </WithStyles(Grid)>
      <WithStyles(Grid)
        item={true}
        key="Tremorsense"
        sm={4}
        xs={6}
      >
        <WithStyles(FormControl)
          className="formControl"
          disabled={false}
          fullWidth={true}
        >
          <WithStyles(WithFormControlContext(InputLabel))
            htmlFor="Tremorsense"
          >
            Tremorsense
          </WithStyles(WithFormControlContext(InputLabel))>
          <WithStyles(Input)
            aria-describedby="Tremorsense-helper-text"
            id="Tremorsense"
            name="Tremorsense"
            onChange={[Function]}
            type="number"
            value=""
          />
          <WithStyles(WithFormControlContext(FormHelperText))
            error={true}
            id="Tremorsense-helper-text"
          />
          <WithStyles(Tooltip)
            disableFocusListener={true}
            title="A monster with tremorsense can detect and pinpoint the Origin of vibrations within a specific radius, provided that the monster and the source of the vibrations are in contact with the same ground or substance. Tremorsense can’t be used to detect flying or incorporeal creatures."
          >
            <withHelpersModifiers(Help)
              className="tooltip"
            >
              Hover for More About 
              Tremorsense
            </withHelpersModifiers(Help)>
          </WithStyles(Tooltip)>
        </WithStyles(FormControl)>
      </WithStyles(Grid)>
      <WithStyles(Grid)
        item={true}
        key="Truesight"
        sm={4}
        xs={6}
      >
        <WithStyles(FormControl)
          className="formControl"
          disabled={false}
          fullWidth={true}
        >
          <WithStyles(WithFormControlContext(InputLabel))
            htmlFor="Truesight"
          >
            Truesight
          </WithStyles(WithFormControlContext(InputLabel))>
          <WithStyles(Input)
            aria-describedby="Truesight-helper-text"
            id="Truesight"
            name="Truesight"
            onChange={[Function]}
            type="number"
            value=""
          />
          <WithStyles(WithFormControlContext(FormHelperText))
            error={true}
            id="Truesight-helper-text"
          />
          <WithStyles(Tooltip)
            disableFocusListener={true}
            title="A creature with truesight can, out to a specific range, see in normal and magical darkness, see invisible creatures and objects, automatically detect visual illusions and succeed on saving throws against them, and perceives the original form of a shapechanger or a creature that is transformed by magic. Furthermore, the creature can see into the Ethereal Plane."
          >
            <withHelpersModifiers(Help)
              className="tooltip"
            >
              Hover for More About 
              Truesight
            </withHelpersModifiers(Help)>
          </WithStyles(Tooltip)>
        </WithStyles(FormControl)>
      </WithStyles(Grid)>
      <WithStyles(Grid)
        item={true}
        key="Passive Perception"
        sm={4}
        xs={6}
      >
        <WithStyles(FormControl)
          className="formControl"
          disabled={false}
          fullWidth={true}
        >
          <WithStyles(WithFormControlContext(InputLabel))
            htmlFor="Passive Perception"
          >
            Passive Perception
          </WithStyles(WithFormControlContext(InputLabel))>
          <WithStyles(Input)
            aria-describedby="Passive Perception-helper-text"
            id="Passive Perception"
            name="Passive Perception"
            onChange={[Function]}
            type="number"
            value=""
          />
          <WithStyles(WithFormControlContext(FormHelperText))
            error={true}
            id="Passive Perception-helper-text"
          />
          <WithStyles(Tooltip)
            disableFocusListener={true}
            title="This stat helps to handle whether monsters who are not actively searching for something will notice a hidden object or creature."
          >
            <withHelpersModifiers(Help)
              className="tooltip"
            >
              Hover for More About 
              Passive Perception
            </withHelpersModifiers(Help)>
          </WithStyles(Tooltip)>
        </WithStyles(FormControl)>
      </WithStyles(Grid)>
      <WithStyles(Grid)
        item={true}
        key="Passive Investigation"
        sm={4}
        xs={6}
      >
        <WithStyles(FormControl)
          className="formControl"
          disabled={false}
          fullWidth={true}
        >
          <WithStyles(WithFormControlContext(InputLabel))
            htmlFor="Passive Investigation"
          >
            Passive Investigation
          </WithStyles(WithFormControlContext(InputLabel))>
          <WithStyles(Input)
            aria-describedby="Passive Investigation-helper-text"
            id="Passive Investigation"
            name="Passive Investigation"
            onChange={[Function]}
            type="number"
            value=""
          />
          <WithStyles(WithFormControlContext(FormHelperText))
            error={true}
            id="Passive Investigation-helper-text"
          />
          <WithStyles(Tooltip)
            disableFocusListener={true}
            title="This stat helps to handle whether monsters who are not actively trying to investigate something will notice a clue or fact about that thing."
          >
            <withHelpersModifiers(Help)
              className="tooltip"
            >
              Hover for More About 
              Passive Investigation
            </withHelpersModifiers(Help)>
          </WithStyles(Tooltip)>
        </WithStyles(FormControl)>
      </WithStyles(Grid)>
      <WithStyles(Grid)
        item={true}
        key="Passive Insight"
        sm={4}
        xs={6}
      >
        <WithStyles(FormControl)
          className="formControl"
          disabled={false}
          fullWidth={true}
        >
          <WithStyles(WithFormControlContext(InputLabel))
            htmlFor="Passive Insight"
          >
            Passive Insight
          </WithStyles(WithFormControlContext(InputLabel))>
          <WithStyles(Input)
            aria-describedby="Passive Insight-helper-text"
            id="Passive Insight"
            name="Passive Insight"
            onChange={[Function]}
            type="number"
            value=""
          />
          <WithStyles(WithFormControlContext(FormHelperText))
            error={true}
            id="Passive Insight-helper-text"
          />
          <WithStyles(Tooltip)
            disableFocusListener={true}
            title="This stat helps to handle whether monsters who are not actively trying to detect deception will notice when someone is lying to or witholding truth from them."
          >
            <withHelpersModifiers(Help)
              className="tooltip"
            >
              Hover for More About 
              Passive Insight
            </withHelpersModifiers(Help)>
          </WithStyles(Tooltip)>
        </WithStyles(FormControl)>
      </WithStyles(Grid)>
    </WithStyles(Grid)>
  </WithStyles(ExpansionPanelDetails)>
</WithStyles(ExpansionPanel)>
`;
