// Jest Snapshot v1, https://goo.gl/fbAQLP

exports[`Test the Monster View Details Per Monster renders correctly when the page is loaded 1`] = `
<form>
  <h1
    className="page-title"
  >
    Monster Details
  </h1>
  <withHelpersModifiers(Control)>
    <withHelpersModifiers(Label)>
      Monster Name
    </withHelpersModifiers(Label)>
    <withHelpersModifiers(Input)
      id="name"
      label="Monster Name"
      readOnly={true}
      value="Hello"
    />
  </withHelpersModifiers(Control)>
  <withHelpersModifiers(Tile)
    className="box"
    isVertical={true}
  >
    <withHelpersModifiers(Subtitle)>
      Basic Configurations
    </withHelpersModifiers(Subtitle)>
    <withHelpersModifiers(Control)>
      <withHelpersModifiers(Label)>
        Type
      </withHelpersModifiers(Label)>
      <withHelpersModifiers(Input)
        label="Type"
        readOnly={true}
        value="Celestial"
      />
    </withHelpersModifiers(Control)>
    <withHelpersModifiers(Control)>
      <withHelpersModifiers(Label)>
        Size
      </withHelpersModifiers(Label)>
      <withHelpersModifiers(Input)
        label="Size"
        readOnly={true}
        value="Gargantuan"
      />
    </withHelpersModifiers(Control)>
    <withHelpersModifiers(Control)>
      <withHelpersModifiers(Label)>
        Race
      </withHelpersModifiers(Label)>
      <withHelpersModifiers(Input)
        label="Race"
        readOnly={true}
        value="Devil"
      />
    </withHelpersModifiers(Control)>
    <withHelpersModifiers(Control)>
      <withHelpersModifiers(Label)>
        Alignment
      </withHelpersModifiers(Label)>
      <withHelpersModifiers(Input)
        label="Alignment"
        readOnly={true}
        value="AnyGoodAlignment"
      />
    </withHelpersModifiers(Control)>
    <withHelpersModifiers(Control)>
      <withHelpersModifiers(Label)>
        Environment
      </withHelpersModifiers(Label)>
      <withHelpersModifiers(Input)
        label="Environment"
        readOnly={true}
        value="Underdark"
      />
    </withHelpersModifiers(Control)>
  </withHelpersModifiers(Tile)>
  <withHelpersModifiers(Tile)
    className="box"
    isVertical={true}
  >
    <withHelpersModifiers(Subtitle)>
      Vulnerability, Resistance, and Immunity
    </withHelpersModifiers(Subtitle)>
    <withHelpersModifiers(Control)>
      <withHelpersModifiers(Label)>
        Resistance
      </withHelpersModifiers(Label)>
      <withHelpersModifiers(Input)
        label="Resistance"
        readOnly={true}
        value="None at all"
      />
    </withHelpersModifiers(Control)>
    <withHelpersModifiers(Control)>
      <withHelpersModifiers(Label)>
        Damage Immunity
      </withHelpersModifiers(Label)>
      <withHelpersModifiers(Input)
        label="Damage Immunity"
        readOnly={true}
        value="Nada"
      />
    </withHelpersModifiers(Control)>
    <withHelpersModifiers(Control)>
      <withHelpersModifiers(Label)>
        Condition Immunity
      </withHelpersModifiers(Label)>
      <withHelpersModifiers(Input)
        label="Condition Immunity"
        readOnly={true}
        value="Nothing"
      />
    </withHelpersModifiers(Control)>
    <withHelpersModifiers(Control)>
      <withHelpersModifiers(Label)>
        Damage Vulnerabilities
      </withHelpersModifiers(Label)>
      <withHelpersModifiers(Input)
        label="Vulnerability"
        readOnly={true}
        value="Everything"
      />
    </withHelpersModifiers(Control)>
  </withHelpersModifiers(Tile)>
  <withHelpersModifiers(Control)>
    <withHelpersModifiers(Label)>
      Armor Class
    </withHelpersModifiers(Label)>
    <withHelpersModifiers(Input)
      label="Armor Class"
      readOnly={true}
      value={15}
    />
  </withHelpersModifiers(Control)>
  <withHelpersModifiers(Control)>
    <withHelpersModifiers(Label)>
      Hit Points
    </withHelpersModifiers(Label)>
    <withHelpersModifiers(Input)
      label="Hit Points"
      readOnly={true}
      value={40}
    />
  </withHelpersModifiers(Control)>
  <withHelpersModifiers(Control)>
    <withHelpersModifiers(Label)>
      Hit Point Distribution
    </withHelpersModifiers(Label)>
    <withHelpersModifiers(Input)
      label="Hit Point Dice"
      readOnly={true}
      value="9d5 - 5"
    />
  </withHelpersModifiers(Control)>
  <withHelpersModifiers(Control)>
    <withHelpersModifiers(Label)>
      Strength Stat
    </withHelpersModifiers(Label)>
    <withHelpersModifiers(Input)
      label="Strength Stat"
      readOnly={true}
      value={17}
    />
  </withHelpersModifiers(Control)>
  <withHelpersModifiers(Control)>
    <withHelpersModifiers(Label)>
      Dexterity Stat
    </withHelpersModifiers(Label)>
    <withHelpersModifiers(Input)
      label="Dexterity Stat"
      readOnly={true}
      value={15}
    />
  </withHelpersModifiers(Control)>
  <withHelpersModifiers(Control)>
    <withHelpersModifiers(Label)>
      Constitution Stat
    </withHelpersModifiers(Label)>
    <withHelpersModifiers(Input)
      label="Constitution Stat"
      readOnly={true}
      value={13}
    />
  </withHelpersModifiers(Control)>
  <withHelpersModifiers(Control)>
    <withHelpersModifiers(Label)>
      Intelligence Stat
    </withHelpersModifiers(Label)>
    <withHelpersModifiers(Input)
      label="Intelligence Stat"
      readOnly={true}
      value={12}
    />
  </withHelpersModifiers(Control)>
  <withHelpersModifiers(Control)>
    <withHelpersModifiers(Label)>
      Wisdom Stat
    </withHelpersModifiers(Label)>
    <withHelpersModifiers(Input)
      label="Wisdom Stat"
      readOnly={true}
      value={16}
    />
  </withHelpersModifiers(Control)>
  <withHelpersModifiers(Control)>
    <withHelpersModifiers(Label)>
      Charisma Stat
    </withHelpersModifiers(Label)>
    <withHelpersModifiers(Input)
      label="Charisma Stat"
      readOnly={true}
      value={15}
    />
  </withHelpersModifiers(Control)>
  <withHelpersModifiers(Control)>
    <withHelpersModifiers(Label)>
      Strength Saving Throw Modifier
    </withHelpersModifiers(Label)>
    <withHelpersModifiers(Input)
      label="Strength Saving Throw Modifier"
      readOnly={true}
      value={-3}
    />
  </withHelpersModifiers(Control)>
  <withHelpersModifiers(Control)>
    <withHelpersModifiers(Label)>
      Dexterity Saving Throw Modifier
    </withHelpersModifiers(Label)>
    <withHelpersModifiers(Input)
      label="Dexterity Saving Throw Modifier"
      readOnly={true}
      value={0}
    />
  </withHelpersModifiers(Control)>
  <withHelpersModifiers(Control)>
    <withHelpersModifiers(Label)>
      Constitution Saving Throw Modifier
    </withHelpersModifiers(Label)>
    <withHelpersModifiers(Input)
      label="Constitution Saving Throw Modifier"
      readOnly={true}
      value={-1}
    />
  </withHelpersModifiers(Control)>
  <withHelpersModifiers(Control)>
    <withHelpersModifiers(Label)>
      Intelligence Saving Throw Modifier
    </withHelpersModifiers(Label)>
    <withHelpersModifiers(Input)
      label="Intelligence Saving Throw Modifier"
      readOnly={true}
      value={-2}
    />
  </withHelpersModifiers(Control)>
  <withHelpersModifiers(Control)>
    <withHelpersModifiers(Label)>
      Wisdom Saving Throw Modifier
    </withHelpersModifiers(Label)>
    <withHelpersModifiers(Input)
      label="Wisdom Saving Throw Modifier"
      readOnly={true}
      value={8}
    />
  </withHelpersModifiers(Control)>
  <withHelpersModifiers(Control)>
    <withHelpersModifiers(Label)>
      Charisma Saving Throw Modifier
    </withHelpersModifiers(Label)>
    <withHelpersModifiers(Input)
      label="Charisma Saving Throw Modifier"
      readOnly={true}
      value={9}
    />
  </withHelpersModifiers(Control)>
  <withHelpersModifiers(Control)>
    <withHelpersModifiers(Label)>
      Athletics Modifier
    </withHelpersModifiers(Label)>
    <withHelpersModifiers(Input)
      label="Athletics Modifier"
      readOnly={true}
      value={9}
    />
  </withHelpersModifiers(Control)>
  <withHelpersModifiers(Control)>
    <withHelpersModifiers(Label)>
      Acrobatics Modifier
    </withHelpersModifiers(Label)>
    <withHelpersModifiers(Input)
      label="Acrobatics Modifier"
      readOnly={true}
      value={10}
    />
  </withHelpersModifiers(Control)>
  <withHelpersModifiers(Control)>
    <withHelpersModifiers(Label)>
      Sleight of Hand Modifier
    </withHelpersModifiers(Label)>
    <withHelpersModifiers(Input)
      label="Sleight of Hand Modifier"
      readOnly={true}
      value={9}
    />
  </withHelpersModifiers(Control)>
  <withHelpersModifiers(Control)>
    <withHelpersModifiers(Label)>
      Stealth Modifier
    </withHelpersModifiers(Label)>
    <withHelpersModifiers(Input)
      label="Stealth Modifier"
      readOnly={true}
      value={8}
    />
  </withHelpersModifiers(Control)>
  <withHelpersModifiers(Control)>
    <withHelpersModifiers(Label)>
      Arcana Modifier
    </withHelpersModifiers(Label)>
    <withHelpersModifiers(Input)
      label="Arcana Modifier"
      readOnly={true}
      value={7}
    />
  </withHelpersModifiers(Control)>
  <withHelpersModifiers(Control)>
    <withHelpersModifiers(Label)>
      History Modifier
    </withHelpersModifiers(Label)>
    <withHelpersModifiers(Input)
      label="History Modifier"
      readOnly={true}
      value={7}
    />
  </withHelpersModifiers(Control)>
  <withHelpersModifiers(Control)>
    <withHelpersModifiers(Label)>
      Investigation Modifier
    </withHelpersModifiers(Label)>
    <withHelpersModifiers(Input)
      label="Investigation Modifier"
      readOnly={true}
      value={6}
    />
  </withHelpersModifiers(Control)>
  <withHelpersModifiers(Control)>
    <withHelpersModifiers(Label)>
      Nature Modifier
    </withHelpersModifiers(Label)>
    <withHelpersModifiers(Input)
      label="Nature Modifier"
      readOnly={true}
      value={7}
    />
  </withHelpersModifiers(Control)>
  <withHelpersModifiers(Control)>
    <withHelpersModifiers(Label)>
      Religion Modifier
    </withHelpersModifiers(Label)>
    <withHelpersModifiers(Input)
      label="Religion Modifier"
      readOnly={true}
      value={8}
    />
  </withHelpersModifiers(Control)>
  <withHelpersModifiers(Control)>
    <withHelpersModifiers(Label)>
      Animal Handling Modifier
    </withHelpersModifiers(Label)>
    <withHelpersModifiers(Input)
      label="Animal Handling Modifier"
      readOnly={true}
      value={9}
    />
  </withHelpersModifiers(Control)>
  <withHelpersModifiers(Control)>
    <withHelpersModifiers(Label)>
      Insight Modifier
    </withHelpersModifiers(Label)>
    <withHelpersModifiers(Input)
      label="Insight Modifier"
      readOnly={true}
      value={10}
    />
  </withHelpersModifiers(Control)>
  <withHelpersModifiers(Control)>
    <withHelpersModifiers(Label)>
      Medicine Modifier
    </withHelpersModifiers(Label)>
    <withHelpersModifiers(Input)
      label="Medicine Modifier"
      readOnly={true}
      value={12}
    />
  </withHelpersModifiers(Control)>
  <withHelpersModifiers(Control)>
    <withHelpersModifiers(Label)>
      Perception Modifier
    </withHelpersModifiers(Label)>
    <withHelpersModifiers(Input)
      label="Perception Modifier"
      readOnly={true}
      value={15}
    />
  </withHelpersModifiers(Control)>
  <withHelpersModifiers(Control)>
    <withHelpersModifiers(Label)>
      Survival Modifier
    </withHelpersModifiers(Label)>
    <withHelpersModifiers(Input)
      label="Survival Modifier"
      readOnly={true}
      value={11}
    />
  </withHelpersModifiers(Control)>
  <withHelpersModifiers(Control)>
    <withHelpersModifiers(Label)>
      Deception Modifier
    </withHelpersModifiers(Label)>
    <withHelpersModifiers(Input)
      label="Deception Modifier"
      readOnly={true}
      value={10}
    />
  </withHelpersModifiers(Control)>
  <withHelpersModifiers(Control)>
    <withHelpersModifiers(Label)>
      Intimidation Modifier
    </withHelpersModifiers(Label)>
    <withHelpersModifiers(Input)
      label="Intimidation Modifier"
      readOnly={true}
      value={9}
    />
  </withHelpersModifiers(Control)>
  <withHelpersModifiers(Control)>
    <withHelpersModifiers(Label)>
      Performance Modifier
    </withHelpersModifiers(Label)>
    <withHelpersModifiers(Input)
      label="Performance Modifier"
      readOnly={true}
      value={7}
    />
  </withHelpersModifiers(Control)>
  <withHelpersModifiers(Control)>
    <withHelpersModifiers(Label)>
      Persuasion Modifier
    </withHelpersModifiers(Label)>
    <withHelpersModifiers(Input)
      label="Persuasion Modifier"
      readOnly={true}
      value={4}
    />
  </withHelpersModifiers(Control)>
  <withHelpersModifiers(Control)>
    <withHelpersModifiers(Label)>
      Languages
    </withHelpersModifiers(Label)>
    <withHelpersModifiers(Input)
      label="Languages"
      readOnly={true}
      value="Common and Draconic"
    />
  </withHelpersModifiers(Control)>
  <withHelpersModifiers(Control)>
    <withHelpersModifiers(Label)>
      Challenge Rating
    </withHelpersModifiers(Label)>
    <withHelpersModifiers(Input)
      label="Challenge Rating"
      readOnly={true}
      value={2.5}
    />
  </withHelpersModifiers(Control)>
  <withHelpersModifiers(Button)
    className="button"
    disabled={true}
    type="submit"
  >
     Edit Monster 
  </withHelpersModifiers(Button)>
  <withHelpersModifiers(Button)
    className="button"
  >
     Return to Catalogue 
  </withHelpersModifiers(Button)>
</form>
`;
