// Jest Snapshot v1, https://goo.gl/fbAQLP

exports[`Monster Defences Small snapshot matches snapshot 1`] = `
<WithStyles(ExpansionPanel)
  CollapseProps={
    Object {
      "timeout": 100,
    }
  }
  defaultExpanded={true}
>
  <WithStyles(ExpansionPanelSummary)
    expandIcon={<pure(ExpandMoreIcon) />}
  >
    <WithStyles(Typography)
      className="heading"
    >
      Armor Class and Hit Points
    </WithStyles(Typography)>
  </WithStyles(ExpansionPanelSummary)>
  <WithStyles(ExpansionPanelDetails)>
    <WithStyles(Grid)
      container={true}
      spacing={8}
    >
      <WithStyles(Grid)
        item={true}
        xs={12}
      >
        <WithStyles(FormControl)
          className="formControl"
          disabled={false}
          fullWidth={true}
        >
          <WithStyles(WithFormControlContext(InputLabel))
            htmlFor="ArmorClass"
          >
            Armor Class
          </WithStyles(WithFormControlContext(InputLabel))>
          <WithStyles(Input)
            aria-describedby="ArmorClass-helper-text"
            id="ArmorClass"
            name="ArmorClass"
            onChange={[Function]}
            type="number"
            value=""
          />
          <WithStyles(WithFormControlContext(FormHelperText))
            error={true}
            id="ArmorClass-helper-text"
          />
          <WithStyles(Tooltip)
            disableFocusListener={true}
            title="Your Armor Class (AC) represents how hard it is for opponents to land a solid, damaging blow on you. Itâ€™s the attack roll result that an opponent needs to achieve to hit you. Your AC is equal to the following: 10 + armor bonus + shield bonus + Dexterity modifier + size modifier"
          >
            <withHelpersModifiers(Help)
              className="tooltip"
            >
              Hover for More About Armor Class
            </withHelpersModifiers(Help)>
          </WithStyles(Tooltip)>
        </WithStyles(FormControl)>
      </WithStyles(Grid)>
      <WithStyles(Grid)
        item={true}
        xs={6}
      >
        <WithStyles(FormControl)
          className="formControl"
          disabled={false}
          fullWidth={true}
        >
          <WithStyles(WithFormControlContext(InputLabel))
            htmlFor="HitPoints"
          >
            Hit Points
          </WithStyles(WithFormControlContext(InputLabel))>
          <WithStyles(Input)
            aria-describedby="HitPoints-helper-text"
            id="HitPoints"
            name="HitPoints"
            onChange={[Function]}
            type="number"
            value=""
          />
          <WithStyles(WithFormControlContext(FormHelperText))
            error={true}
            id="HitPoints-helper-text"
          />
          <WithStyles(Tooltip)
            disableFocusListener={true}
            title="Hit points represent a combination of physical and mental durability, the will to live, and luck. Creatures with more hit points are more difficult to kill. Those with fewer hit points are more fragile. A creature's current hit points (usually just called hit points) can be any number from the creature's hit point maximum down to 0. This number changes frequently as a creature takes damage or receives healing."
          >
            <withHelpersModifiers(Help)
              className="tooltip"
            >
              Hover for More About Hit Points
            </withHelpersModifiers(Help)>
          </WithStyles(Tooltip)>
        </WithStyles(FormControl)>
      </WithStyles(Grid)>
      <WithStyles(Grid)
        item={true}
        xs={6}
      >
        <WithStyles(FormControl)
          className="formControl"
          disabled={false}
          fullWidth={true}
        >
          <WithStyles(WithFormControlContext(InputLabel))
            htmlFor="HitPointDistribution"
          >
            Hit Point Distribution
          </WithStyles(WithFormControlContext(InputLabel))>
          <WithStyles(Input)
            aria-describedby="HitPointDistribution-helper-text"
            id="HitPointDistribution"
            name="HitPointDistribution"
            onChange={[Function]}
            type="text"
            value=""
          />
          <WithStyles(WithFormControlContext(FormHelperText))
            error={true}
            id="HitPointDistribution-helper-text"
          />
          <WithStyles(Tooltip)
            disableFocusListener={true}
            title="For randomized and dynamic encounters, you may choose to define the hit points of a monster by a hit point distribution. This value is how you calculate the monsters hit points at the start of the encounter. It is provided in # of dice * # of sides of dice + modifier in the normal #d#+# format."
          >
            <withHelpersModifiers(Help)
              className="tooltip"
            >
              Hover for More About Hit Point Distribution
            </withHelpersModifiers(Help)>
          </WithStyles(Tooltip)>
        </WithStyles(FormControl)>
      </WithStyles(Grid)>
    </WithStyles(Grid)>
  </WithStyles(ExpansionPanelDetails)>
</WithStyles(ExpansionPanel)>
`;
